// Jest Snapshot v1, https://goo.gl/fbAQLP

exports[`Counter counts 1`] = `ReactWrapper {}`;
